// Jest Snapshot v1, https://goo.gl/fbAQLP

exports[`Datagrid.vue change 1`] = `
<div
  class="c-datagrid"
>
  <table
    class="--scroll-none"
    style="width: 450px;"
  >
    <thead>
      <tr>
        <th
          class="--sticky-left --stickable"
          style="width: 50px; left: 0px;"
        >
          <div>
            Id
          </div>
        </th>
        <th
          class=" --stickable"
          style="width: 200px;"
        >
          <div>
            Name
          </div>
        </th>
        <th
          class=" --stickable"
          style="width: 200px;"
        >
          <div>
            Data
          </div>
        </th>
      </tr>
    </thead>
     
    <tbody>
      <tr>
        <td
          class="--sticky-left"
          style="left: 0px;"
        >
          <div>
            1
          </div>
        </td>
        <td
          class=""
        >
          <div>
            name
          </div>
        </td>
        <td
          class=""
        >
          <div>
            10
          </div>
        </td>
      </tr>
      <tr>
        <td
          class="--sticky-left"
          style="left: 0px;"
        >
          <div>
            2
          </div>
        </td>
        <td
          class=""
        >
          <div>
            name
          </div>
        </td>
        <td
          class=""
        >
          <div>
            10
          </div>
        </td>
      </tr>
      <tr>
        <td
          class="--sticky-left"
          style="left: 0px;"
        >
          <div>
            3
          </div>
        </td>
        <td
          class=""
        >
          <div>
            name
          </div>
        </td>
        <td
          class=""
        >
          <div>
            10
          </div>
        </td>
      </tr>
      <tr>
        <td
          class="--sticky-left"
          style="left: 0px;"
        >
          <div>
            4
          </div>
        </td>
        <td
          class=""
        >
          <div>
            name
          </div>
        </td>
        <td
          class=""
        >
          <div>
            10
          </div>
        </td>
      </tr>
      <tr>
        <td
          class="--sticky-left"
          style="left: 0px;"
        >
          <div>
            5
          </div>
        </td>
        <td
          class=""
        >
          <div>
            name
          </div>
        </td>
        <td
          class=""
        >
          <div>
            10
          </div>
        </td>
      </tr>
      <tr>
        <td
          class="--sticky-left"
          style="left: 0px;"
        >
          <div>
            6
          </div>
        </td>
        <td
          class=""
        >
          <div>
            name
          </div>
        </td>
        <td
          class=""
        >
          <div>
            10
          </div>
        </td>
      </tr>
      <tr>
        <td
          class="--sticky-left"
          style="left: 0px;"
        >
          <div>
            7
          </div>
        </td>
        <td
          class=""
        >
          <div>
            name
          </div>
        </td>
        <td
          class=""
        >
          <div>
            10
          </div>
        </td>
      </tr>
      <tr>
        <td
          class="--sticky-left"
          style="left: 0px;"
        >
          <div>
            8
          </div>
        </td>
        <td
          class=""
        >
          <div>
            name
          </div>
        </td>
        <td
          class=""
        >
          <div>
            10
          </div>
        </td>
      </tr>
      <tr>
        <td
          class="--sticky-left"
          style="left: 0px;"
        >
          <div>
            9
          </div>
        </td>
        <td
          class=""
        >
          <div>
            name
          </div>
        </td>
        <td
          class=""
        >
          <div>
            10
          </div>
        </td>
      </tr>
      <tr>
        <td
          class="--sticky-left"
          style="left: 0px;"
        >
          <div>
            10
          </div>
        </td>
        <td
          class=""
        >
          <div>
            name
          </div>
        </td>
        <td
          class=""
        >
          <div>
            10
          </div>
        </td>
      </tr>
      <tr>
        <td
          class="--sticky-left"
          style="left: 0px;"
        >
          <div>
            11
          </div>
        </td>
        <td
          class=""
        >
          <div>
            name
          </div>
        </td>
        <td
          class=""
        >
          <div>
            10
          </div>
        </td>
      </tr>
      <tr>
        <td
          class="--sticky-left"
          style="left: 0px;"
        >
          <div>
            12
          </div>
        </td>
        <td
          class=""
        >
          <div>
            name
          </div>
        </td>
        <td
          class=""
        >
          <div>
            10
          </div>
        </td>
      </tr>
      <tr>
        <td
          class="--sticky-left"
          style="left: 0px;"
        >
          <div>
            13
          </div>
        </td>
        <td
          class=""
        >
          <div>
            name
          </div>
        </td>
        <td
          class=""
        >
          <div>
            10
          </div>
        </td>
      </tr>
      <tr>
        <td
          class="--sticky-left"
          style="left: 0px;"
        >
          <div>
            14
          </div>
        </td>
        <td
          class=""
        >
          <div>
            name
          </div>
        </td>
        <td
          class=""
        >
          <div>
            10
          </div>
        </td>
      </tr>
      <tr>
        <td
          class="--sticky-left"
          style="left: 0px;"
        >
          <div>
            15
          </div>
        </td>
        <td
          class=""
        >
          <div>
            name
          </div>
        </td>
        <td
          class=""
        >
          <div>
            10
          </div>
        </td>
      </tr>
      <tr>
        <td
          class="--sticky-left"
          style="left: 0px;"
        >
          <div>
            16
          </div>
        </td>
        <td
          class=""
        >
          <div>
            name
          </div>
        </td>
        <td
          class=""
        >
          <div>
            10
          </div>
        </td>
      </tr>
      <tr>
        <td
          class="--sticky-left"
          style="left: 0px;"
        >
          <div>
            17
          </div>
        </td>
        <td
          class=""
        >
          <div>
            name
          </div>
        </td>
        <td
          class=""
        >
          <div>
            10
          </div>
        </td>
      </tr>
      <tr>
        <td
          class="--sticky-left"
          style="left: 0px;"
        >
          <div>
            18
          </div>
        </td>
        <td
          class=""
        >
          <div>
            name end
          </div>
        </td>
        <td
          class=""
        >
          <div>
            10
          </div>
        </td>
      </tr>
    </tbody>
     
    <tfoot>
      <tr>
        <td
          colspan="3"
        />
      </tr>
    </tfoot>
  </table>
</div>
`;

exports[`Datagrid.vue initial state 1`] = `
<div
  class="c-datagrid"
>
  <table
    class="--scroll-none"
    style="width: 540px;"
  >
    <thead>
      <tr>
        <th
          class="--sticky-left --stickable"
          style="width: 50px; left: 0px;"
        >
          <div>
            Id
          </div>
        </th>
        <th
          class=" --stickable"
          style="width: 200px;"
        >
          <div>
            Name
          </div>
        </th>
        <th
          class=" --stickable"
          style="width: 200px;"
        >
          <div>
            Data
          </div>
        </th>
        <th
          class="--sticky-right --stickable"
          style="width: 90px; right: 0px;"
        >
          <div>
            Value
          </div>
        </th>
      </tr>
    </thead>
     
    <tbody>
      <tr>
        <td
          class="--sticky-left"
          style="left: 0px;"
        >
          <div>
            1
          </div>
        </td>
        <td
          class=""
        >
          <div>
            name
          </div>
        </td>
        <td
          class=""
        >
          <div>
            10
          </div>
        </td>
        <td
          class="--sticky-right"
          style="right: 0px;"
        >
          <div>
            true
          </div>
        </td>
      </tr>
      <tr>
        <td
          class="--sticky-left"
          style="left: 0px;"
        >
          <div>
            2
          </div>
        </td>
        <td
          class=""
        >
          <div>
            name
          </div>
        </td>
        <td
          class=""
        >
          <div>
            10
          </div>
        </td>
        <td
          class="--sticky-right"
          style="right: 0px;"
        >
          <div>
            true
          </div>
        </td>
      </tr>
      <tr>
        <td
          class="--sticky-left"
          style="left: 0px;"
        >
          <div>
            3
          </div>
        </td>
        <td
          class=""
        >
          <div>
            name
          </div>
        </td>
        <td
          class=""
        >
          <div>
            10
          </div>
        </td>
        <td
          class="--sticky-right"
          style="right: 0px;"
        >
          <div>
            true
          </div>
        </td>
      </tr>
      <tr>
        <td
          class="--sticky-left"
          style="left: 0px;"
        >
          <div>
            4
          </div>
        </td>
        <td
          class=""
        >
          <div>
            name
          </div>
        </td>
        <td
          class=""
        >
          <div>
            10
          </div>
        </td>
        <td
          class="--sticky-right"
          style="right: 0px;"
        >
          <div>
            true
          </div>
        </td>
      </tr>
      <tr>
        <td
          class="--sticky-left"
          style="left: 0px;"
        >
          <div>
            5
          </div>
        </td>
        <td
          class=""
        >
          <div>
            name
          </div>
        </td>
        <td
          class=""
        >
          <div>
            10
          </div>
        </td>
        <td
          class="--sticky-right"
          style="right: 0px;"
        >
          <div>
            true
          </div>
        </td>
      </tr>
      <tr>
        <td
          class="--sticky-left"
          style="left: 0px;"
        >
          <div>
            6
          </div>
        </td>
        <td
          class=""
        >
          <div>
            name
          </div>
        </td>
        <td
          class=""
        >
          <div>
            10
          </div>
        </td>
        <td
          class="--sticky-right"
          style="right: 0px;"
        >
          <div>
            true
          </div>
        </td>
      </tr>
      <tr>
        <td
          class="--sticky-left"
          style="left: 0px;"
        >
          <div>
            7
          </div>
        </td>
        <td
          class=""
        >
          <div>
            name
          </div>
        </td>
        <td
          class=""
        >
          <div>
            10
          </div>
        </td>
        <td
          class="--sticky-right"
          style="right: 0px;"
        >
          <div>
            true
          </div>
        </td>
      </tr>
      <tr>
        <td
          class="--sticky-left"
          style="left: 0px;"
        >
          <div>
            8
          </div>
        </td>
        <td
          class=""
        >
          <div>
            name
          </div>
        </td>
        <td
          class=""
        >
          <div>
            10
          </div>
        </td>
        <td
          class="--sticky-right"
          style="right: 0px;"
        >
          <div>
            true
          </div>
        </td>
      </tr>
      <tr>
        <td
          class="--sticky-left"
          style="left: 0px;"
        >
          <div>
            9
          </div>
        </td>
        <td
          class=""
        >
          <div>
            name
          </div>
        </td>
        <td
          class=""
        >
          <div>
            10
          </div>
        </td>
        <td
          class="--sticky-right"
          style="right: 0px;"
        >
          <div>
            true
          </div>
        </td>
      </tr>
      <tr>
        <td
          class="--sticky-left"
          style="left: 0px;"
        >
          <div>
            10
          </div>
        </td>
        <td
          class=""
        >
          <div>
            name
          </div>
        </td>
        <td
          class=""
        >
          <div>
            10
          </div>
        </td>
        <td
          class="--sticky-right"
          style="right: 0px;"
        >
          <div>
            true
          </div>
        </td>
      </tr>
      <tr>
        <td
          class="--sticky-left"
          style="left: 0px;"
        >
          <div>
            11
          </div>
        </td>
        <td
          class=""
        >
          <div>
            name
          </div>
        </td>
        <td
          class=""
        >
          <div>
            10
          </div>
        </td>
        <td
          class="--sticky-right"
          style="right: 0px;"
        >
          <div>
            true
          </div>
        </td>
      </tr>
      <tr>
        <td
          class="--sticky-left"
          style="left: 0px;"
        >
          <div>
            12
          </div>
        </td>
        <td
          class=""
        >
          <div>
            name
          </div>
        </td>
        <td
          class=""
        >
          <div>
            10
          </div>
        </td>
        <td
          class="--sticky-right"
          style="right: 0px;"
        >
          <div>
            true
          </div>
        </td>
      </tr>
      <tr>
        <td
          class="--sticky-left"
          style="left: 0px;"
        >
          <div>
            13
          </div>
        </td>
        <td
          class=""
        >
          <div>
            name
          </div>
        </td>
        <td
          class=""
        >
          <div>
            10
          </div>
        </td>
        <td
          class="--sticky-right"
          style="right: 0px;"
        >
          <div>
            true
          </div>
        </td>
      </tr>
      <tr>
        <td
          class="--sticky-left"
          style="left: 0px;"
        >
          <div>
            14
          </div>
        </td>
        <td
          class=""
        >
          <div>
            name
          </div>
        </td>
        <td
          class=""
        >
          <div>
            10
          </div>
        </td>
        <td
          class="--sticky-right"
          style="right: 0px;"
        >
          <div>
            true
          </div>
        </td>
      </tr>
      <tr>
        <td
          class="--sticky-left"
          style="left: 0px;"
        >
          <div>
            15
          </div>
        </td>
        <td
          class=""
        >
          <div>
            name
          </div>
        </td>
        <td
          class=""
        >
          <div>
            10
          </div>
        </td>
        <td
          class="--sticky-right"
          style="right: 0px;"
        >
          <div>
            true
          </div>
        </td>
      </tr>
      <tr>
        <td
          class="--sticky-left"
          style="left: 0px;"
        >
          <div>
            16
          </div>
        </td>
        <td
          class=""
        >
          <div>
            name
          </div>
        </td>
        <td
          class=""
        >
          <div>
            10
          </div>
        </td>
        <td
          class="--sticky-right"
          style="right: 0px;"
        >
          <div>
            true
          </div>
        </td>
      </tr>
      <tr>
        <td
          class="--sticky-left"
          style="left: 0px;"
        >
          <div>
            17
          </div>
        </td>
        <td
          class=""
        >
          <div>
            name
          </div>
        </td>
        <td
          class=""
        >
          <div>
            10
          </div>
        </td>
        <td
          class="--sticky-right"
          style="right: 0px;"
        >
          <div>
            true
          </div>
        </td>
      </tr>
      <tr>
        <td
          class="--sticky-left"
          style="left: 0px;"
        >
          <div>
            18
          </div>
        </td>
        <td
          class=""
        >
          <div>
            name end
          </div>
        </td>
        <td
          class=""
        >
          <div>
            10
          </div>
        </td>
        <td
          class="--sticky-right"
          style="right: 0px;"
        >
          <div>
            true
          </div>
        </td>
      </tr>
    </tbody>
     
    <tfoot>
      <tr>
        <td
          colspan="4"
        />
      </tr>
    </tfoot>
  </table>
</div>
`;
